// Jest Snapshot v1, https://goo.gl/fbAQLP

exports[`Header component renders Header 1`] = `
<DocumentFragment>
  <div>
    <h1>
      Welcome to Artist/Album/Song Finder
    </h1>
  </div>
</DocumentFragment>
`;
