// Jest Snapshot v1, https://goo.gl/fbAQLP

exports[`App component renders App 1`] = `
<DocumentFragment>
  <div>
    <h1>
      Welcome to Artist/Album/Song Finder
    </h1>
  </div>
  <div
    data-testid="artist-list"
  >
    <div>
      <form>
        <input
          placeholder="Search"
        />
        <button
          type="submit"
        >
          Search
        </button>
      </form>
    </div>
    <button
      disabled=""
    >
      Last Page
    </button>
    <button
      disabled=""
    >
      Next Page
    </button>
    <ul />
  </div>
</DocumentFragment>
`;
